*****************************************************************
Pin Report - Date: Thu Jul  7 11:10:24 2016 Pinchecksum: NOT-AVAILABLE
Product: Designer
Release: v11.7
Version: 11.7.0.119
Design Name: Top_Fabric_Master
Family: SmartFusion2
Die: M2S010
Package: 484 FBGA
*****************************************************************

Port       |Pin |Fixed |Function                                     |Bank     |I/O Std   |Direction                      |I/O state in Flash*Freeze mode |Resistor Pull                      |I/O available in Flash*Freeze mode |Schmitt Trigger |Odt_Static    |Odt Imp (Ohm)  |Low Power Exit |Input Delay |Slew         |Pre-Emphasis      |Output Drive (mA) |Output Load (pF) |
-----------|----|------|---------------------------------------------|---------|----------|-------------------------------|-------------------------------|-----------------------------------|-----------------------------------|----------------|--------------|---------------|---------------|------------|-------------|------------------|------------------|-----------------|
DEVRST_N    R15  Fixed  DEVRST_N                                      ---       
i2s_sck_i   F6   Yes    MSIO67NB7                                     Bank7     LVTTL      Input                           TRISTATE                        Down                                No                                  Off              ---            ---             Off             Off          ---           ---                ---                ---               
i2s_sd_i    G7   Yes    MSIO75NB7                                     Bank7     LVTTL      Input                           TRISTATE                        None                                No                                  Off              ---            ---             Off             Off          ---           ---                ---                ---               
i2s_ws_i    G6   Yes    MSIO66NB7                                     Bank7     LVTTL      Input                           TRISTATE                        None                                No                                  Off              ---            ---             Off             Off          ---           ---                ---                ---               
LED1_GREEN  W9   Yes    MSIO102PB4                                    Bank4     LVCMOS33   Output                          TRISTATE                        None                                No                                  ---              ---            ---             ---             ---          ---           ---                20                 5                 
LED2_RED    F5   Yes    MSIO67PB7                                     Bank7     LVCMOS33   Output                          TRISTATE                        None                                No                                  ---              ---            ---             ---             ---          ---           ---                20                 5                 
LED5B       B1   Yes    MSIO71NB7                                     Bank7     LVCMOS33   Output                          TRISTATE                        None                                No                                  ---              ---            ---             ---             ---          ---           ---                20                 5                 
LED5G       C4   Yes    MSIO64PB7                                     Bank7     LVCMOS33   Output                          TRISTATE                        None                                No                                  ---              ---            ---             ---             ---          ---           ---                20                 5                 
LED5R       C3   Yes    MSIO65PB7                                     Bank7     LVCMOS33   Output                          TRISTATE                        None                                No                                  ---              ---            ---             ---             ---          ---           ---                20                 5                 
RX          G18  Yes    MSIO22NB1/MMUART_1_RXD/GPIO_26_B/USB_DATA3_C  Bank1     LVCMOS33   Input                           TRISTATE                        None                                No                                  Off              ---            ---             Off             Off          ---           ---                ---                ---               
SPISCLKO    M21  Yes    MSIO14PB2/SPI_1_CLK                           Bank2     LVTTL      Output                          TRISTATE                        None                                No                                  ---              ---            ---             ---             ---          ---           ---                4                  5                 
SPISDI      M22  Yes    MSIO14NB2/SPI_1_SDI/GPIO_11_A                 Bank2     LVTTL      Input                           TRISTATE                        None                                No                                  Off              ---            ---             Off             Off          ---           ---                ---                ---               
SPISDO      L21  Yes    MSIO15PB2/SPI_1_SDO/GPIO_12_A                 Bank2     LVTTL      Output                          TRISTATE                        None                                No                                  ---              ---            ---             ---             ---          ---           ---                4                  5                 
SPISS       L20  Yes    MSIO15NB2/SPI_1_SS0/GPIO_13_A                 Bank2     LVTTL      Output                          TRISTATE                        None                                No                                  ---              ---            ---             ---             ---          ---           ---                4                  5                 
TEST_1      A2   Yes    MSIO69NB7                                     Bank7     LVCMOS33   Output                          TRISTATE                        None                                No                                  ---              ---            ---             ---             ---          ---           ---                4                  5                 
TX          H19  Yes    MSIO21NB1/MMUART_1_TXD/GPIO_24_B/USB_DATA2_C  Bank1     LVCMOS33   Output                          TRISTATE                        None                                No                                  ---              ---            ---             ---             ---          ---           ---                4                  5                 
