Resource Usage Report for Top_Fabric_Master 

Mapping to part: m2s060fbga484std
Cell usage:
CCC             1 use
CLKINT          9 uses
INV             1 use
MSS_060         1 use
RCOSC_25_50MHZ  1 use
RCOSC_25_50MHZ_FAB  1 use
SYSRESET        1 use
CFG1           49 uses
CFG2           784 uses
CFG3           3479 uses
CFG4           3027 uses

Carry primitives used for arithmetic functions:
ARI1           1986 uses


Sequential Cells: 
SLE            5551 uses

DSP Blocks:    7
 MACC:         4 Mults
 MACC:         3 MultAdds

I/O ports: 20
I/O primitives: 19
INBUF          5 uses
OUTBUF         14 uses


Global Clock Buffers: 9


Total LUTs:    9325

Extra resources required for RAM and MACC interface logic during P&R:

RAM64x18 Interface Logic : SLEs = 576; LUTs = 576;
RAM1K18  Interface Logic : SLEs = 324; LUTs = 324;
MACC     Interface Logic : SLEs = 252; LUTs = 252;

Total number of SLEs after P&R:  5551 + 576 + 324 + 252 = 6703;
Total number of LUTs after P&R:  9325 + 576 + 324 + 252 = 10477;

